client/src/components/BookingCalendar.tsx(320,98): error TS2345: Argument of type '"booking.at"' is not assignable to parameter of type 'TranslationKey'.
server/routes.ts(429,44): error TS2339: Property 'updateArticle' does not exist on type 'MinimalStorage'.
server/vite.ts(30,5): error TS2322: Type '{ middlewareMode: boolean; hmr: { server: Server<typeof IncomingMessage, typeof ServerResponse>; }; allowedHosts: boolean; }' is not assignable to type 'ServerOptions'.
  Types of property 'allowedHosts' are incompatible.
    Type 'boolean' is not assignable to type 'true | string[] | undefined'.
